// Jest Snapshot v1, https://goo.gl/fbAQLP

exports[`Render MovieCatalog 1`] = `
<section
  className="catalog"
>
  <h2
    className="catalog__title visually-hidden"
  >
    Catalog
  </h2>
  <div
    className="mock"
  />
</section>
`;
