// Jest Snapshot v1, https://goo.gl/fbAQLP

exports[`Render PageContent 1`] = `
<div
  className="page-content"
>
  <div
    className="mock"
  />
</div>
`;
